train=53471  val=1344  test=2881  features=27

Trenink XGBoost (vychozi hyperparametry): {'n_estimators': 3000, 'learning_rate': 0.05, 'max_depth': 8, 'subsample': 0.8, 'colsample_bytree': 0.9, 'objective': 'reg:absoluteerror', 'random_state': 42, 'early_stopping_rounds': 150, 'eval_metric': 'mae'}

Alpha search (blend = alpha*XGBoost + (1-alpha)*SeasonalNaive24h, kazdy jako nezavisla rekurze) na validaci:
  alpha=0.0  val_MAE_24h=25.052
  alpha=0.1  val_MAE_24h=23.186
  alpha=0.2  val_MAE_24h=21.571
  alpha=0.3  val_MAE_24h=20.288
  alpha=0.4  val_MAE_24h=19.339
  alpha=0.5  val_MAE_24h=18.741
  alpha=0.6  val_MAE_24h=18.649
  alpha=0.7  val_MAE_24h=19.130
  alpha=0.8  val_MAE_24h=20.191
  alpha=0.9  val_MAE_24h=21.638
  alpha=1.0  val_MAE_24h=23.372
-> nejlepsi alpha=0.6 (val_MAE=18.649)
Test 24h MAE=21.135 kW  RMSE=29.719 kW  MAPE=13.325%  (blend alpha=0.6)

Ulozeno do /home/kuchark/Desktop/kmb_predikce/prediction_final/runs/20260922_203129:
  model.json
  best_hyperparams.json
  metadata.json
  train.log
runs/latest.json aktualizovan na '20260922_203129'
Celkovy cas: 0.4 min
